2025-07-30 17:24:56,933 - INFO - Python version: 3.12.10 (tags/v3.12.10:0cc8128, Apr  8 2025, 12:21:36) [MSC v.1943 64 bit (AMD64)]
2025-07-30 17:24:56,933 - INFO - OpenCV version: 4.12.0
2025-07-30 17:24:56,933 - INFO - NumPy version: 2.2.6
2025-07-30 17:24:56,933 - INFO - PIL version: 11.3.0
2025-07-30 17:24:56,933 - INFO - Application starting...
2025-07-30 17:24:56,933 - INFO - Command line arguments: ['d:\\Dropbox\\HE MANAGEMENT SYSTEM\\scripts\\face-uitlity.py', 'd:\\Dropbox\\HE MANAGEMENT SYSTEM\\scripts\\photos', 'test_photo.jpg']
2025-07-30 17:24:56,933 - INFO - Running with save_path: d:\Dropbox\HE MANAGEMENT SYSTEM\scripts\photos, filename: test_photo.jpg
2025-07-30 17:24:56,934 - INFO - Running as script. Base path: d:\Dropbox\HE MANAGEMENT SYSTEM\scripts
2025-07-30 17:53:23,030 - INFO - Python version: 3.12.10 (tags/v3.12.10:0cc8128, Apr  8 2025, 12:21:36) [MSC v.1943 64 bit (AMD64)]
2025-07-30 17:53:23,030 - INFO - OpenCV version: 4.12.0
2025-07-30 17:53:23,030 - INFO - NumPy version: 2.2.6
2025-07-30 17:53:23,030 - INFO - PIL version: 11.3.0
2025-07-30 17:53:23,030 - INFO - Application starting...
2025-07-30 17:53:23,030 - INFO - Command line arguments: ['D:\\Dropbox\\HE MANAGEMENT SYSTEM\\scripts\\face-uitlity.py', 'C:\\TestImages', 'test_photo.jpg']
2025-07-30 17:53:23,030 - INFO - Running with save_path: C:\TestImages, filename: test_photo.jpg
2025-07-30 17:53:23,030 - INFO - Running as script. Base path: D:\Dropbox\HE MANAGEMENT SYSTEM\scripts
2025-07-30 17:53:52,257 - INFO - Python version: 3.12.10 (tags/v3.12.10:0cc8128, Apr  8 2025, 12:21:36) [MSC v.1943 64 bit (AMD64)]
2025-07-30 17:53:52,257 - INFO - OpenCV version: 4.12.0
2025-07-30 17:53:52,257 - INFO - NumPy version: 2.2.6
2025-07-30 17:53:52,257 - INFO - PIL version: 11.3.0
2025-07-30 17:53:52,257 - INFO - Application starting...
2025-07-30 17:53:52,257 - INFO - Command line arguments: ['D:\\Dropbox\\HE MANAGEMENT SYSTEM\\scripts\\face-uitlity.py', 'C:\\TestImages', 'test_photo.jpg']
2025-07-30 17:53:52,257 - INFO - Running with save_path: C:\TestImages, filename: test_photo.jpg
2025-07-30 17:53:52,257 - INFO - Running as script. Base path: D:\Dropbox\HE MANAGEMENT SYSTEM\scripts
2025-07-30 18:05:32,265 - INFO - Python version: 3.12.10 (tags/v3.12.10:0cc8128, Apr  8 2025, 12:21:36) [MSC v.1943 64 bit (AMD64)]
2025-07-30 18:05:32,265 - INFO - OpenCV version: 4.12.0
2025-07-30 18:05:32,265 - INFO - NumPy version: 2.2.6
2025-07-30 18:05:32,266 - INFO - PIL version: 11.3.0
2025-07-30 18:05:32,266 - INFO - Application starting...
2025-07-30 18:05:32,266 - INFO - Command line arguments: ['d:\\Dropbox\\HE MANAGEMENT SYSTEM\\scripts\\face-uitlity.py', 'd:\\Dropbox\\HE MANAGEMENT SYSTEM\\scripts\\photos', 'test_photo.jpg']
2025-07-30 18:05:32,266 - INFO - Running with save_path: d:\Dropbox\HE MANAGEMENT SYSTEM\scripts\photos, filename: test_photo.jpg
2025-07-30 18:05:32,266 - INFO - Created directory: d:\Dropbox\HE MANAGEMENT SYSTEM\scripts\photos
2025-07-30 18:05:32,267 - INFO - Running as script. Base path: d:\Dropbox\HE MANAGEMENT SYSTEM\scripts
2025-07-30 18:07:08,555 - INFO - Python version: 3.12.10 (tags/v3.12.10:0cc8128, Apr  8 2025, 12:21:36) [MSC v.1943 64 bit (AMD64)]
2025-07-30 18:07:08,555 - INFO - OpenCV version: 4.12.0
2025-07-30 18:07:08,555 - INFO - NumPy version: 2.2.6
2025-07-30 18:07:08,555 - INFO - PIL version: 11.3.0
2025-07-30 18:07:08,555 - INFO - Application starting...
2025-07-30 18:07:08,555 - INFO - Command line arguments: ['D:\\Dropbox\\HE MANAGEMENT SYSTEM\\scripts\\face-uitlity.py', 'C:\\TestImages', 'test_photo.jpg']
2025-07-30 18:07:08,555 - INFO - Running with save_path: C:\TestImages, filename: test_photo.jpg
2025-07-30 18:07:08,555 - INFO - Running as script. Base path: D:\Dropbox\HE MANAGEMENT SYSTEM\scripts
2025-07-30 18:08:22,521 - INFO - Python version: 3.12.10 (tags/v3.12.10:0cc8128, Apr  8 2025, 12:21:36) [MSC v.1943 64 bit (AMD64)]
2025-07-30 18:08:22,521 - INFO - OpenCV version: 4.12.0
2025-07-30 18:08:22,521 - INFO - NumPy version: 2.2.6
2025-07-30 18:08:22,521 - INFO - PIL version: 11.3.0
2025-07-30 18:08:22,521 - INFO - Application starting...
2025-07-30 18:08:22,521 - INFO - Command line arguments: ['D:\\Dropbox\\HE MANAGEMENT SYSTEM\\scripts\\face-uitlity.py', 'C:\\TestImages', 'test_photo.jpg']
2025-07-30 18:08:22,521 - INFO - Running with save_path: C:\TestImages, filename: test_photo.jpg
2025-07-30 18:08:22,521 - INFO - Running as script. Base path: D:\Dropbox\HE MANAGEMENT SYSTEM\scripts
2025-07-30 18:19:06,707 - INFO - Python version: 3.12.10 (tags/v3.12.10:0cc8128, Apr  8 2025, 12:21:36) [MSC v.1943 64 bit (AMD64)]
2025-07-30 18:19:06,707 - INFO - OpenCV version: 4.12.0
2025-07-30 18:19:06,707 - INFO - NumPy version: 2.2.6
2025-07-30 18:19:06,707 - INFO - PIL version: 11.3.0
2025-07-30 18:19:06,707 - INFO - Application starting...
2025-07-30 18:19:06,708 - INFO - Command line arguments: ['d:\\Dropbox\\HE MANAGEMENT SYSTEM\\scripts\\face-uitlity.py', 'd:\\Dropbox\\HE MANAGEMENT SYSTEM\\scripts\\photos', 'test_photo.jpg']
2025-07-30 18:19:06,708 - INFO - Running with save_path: d:\Dropbox\HE MANAGEMENT SYSTEM\scripts\photos, filename: test_photo.jpg
2025-07-30 18:19:06,708 - INFO - Running as script. Base path: d:\Dropbox\HE MANAGEMENT SYSTEM\scripts
2025-07-30 18:19:18,527 - INFO - Python version: 3.12.10 (tags/v3.12.10:0cc8128, Apr  8 2025, 12:21:36) [MSC v.1943 64 bit (AMD64)]
2025-07-30 18:19:18,527 - INFO - OpenCV version: 4.12.0
2025-07-30 18:19:18,527 - INFO - NumPy version: 2.2.6
2025-07-30 18:19:18,527 - INFO - PIL version: 11.3.0
2025-07-30 18:19:18,527 - INFO - Application starting...
2025-07-30 18:19:18,527 - INFO - Command line arguments: ['D:\\Dropbox\\HE MANAGEMENT SYSTEM\\scripts\\face-uitlity.py', 'C:\\TestImages', 'test_photo.jpg']
2025-07-30 18:19:18,527 - INFO - Running with save_path: C:\TestImages, filename: test_photo.jpg
2025-07-30 18:19:18,527 - INFO - Running as script. Base path: D:\Dropbox\HE MANAGEMENT SYSTEM\scripts
2025-07-30 18:21:30,616 - INFO - Python version: 3.12.10 (tags/v3.12.10:0cc8128, Apr  8 2025, 12:21:36) [MSC v.1943 64 bit (AMD64)]
2025-07-30 18:21:30,616 - INFO - OpenCV version: 4.12.0
2025-07-30 18:21:30,616 - INFO - NumPy version: 2.2.6
2025-07-30 18:21:30,616 - INFO - PIL version: 11.3.0
2025-07-30 18:21:30,616 - INFO - Application starting...
2025-07-30 18:21:30,616 - INFO - Command line arguments: ['D:\\Dropbox\\HE MANAGEMENT SYSTEM\\scripts\\face-uitlity.py', 'D:\\Dropbox\\HE MANAGEMENT SYSTEM\\Movement Orders\\OGDCL\\HUSSAINI LOGISTICS ENTERPRISES\\TOC - NRL\\LivePictures', 'Dated_30-July-2025,TLV-100,TOC-NRL,KHALID HUSSAIN.jpg']
2025-07-30 18:21:30,616 - INFO - Running with save_path: D:\Dropbox\HE MANAGEMENT SYSTEM\Movement Orders\OGDCL\HUSSAINI LOGISTICS ENTERPRISES\TOC - NRL\LivePictures, filename: Dated_30-July-2025,TLV-100,TOC-NRL,KHALID HUSSAIN.jpg
2025-07-30 18:21:30,616 - INFO - Running as script. Base path: D:\Dropbox\HE MANAGEMENT SYSTEM\scripts
2025-07-30 18:24:27,093 - INFO - Python version: 3.12.10 (tags/v3.12.10:0cc8128, Apr  8 2025, 12:21:36) [MSC v.1943 64 bit (AMD64)]
2025-07-30 18:24:27,093 - INFO - OpenCV version: 4.12.0
2025-07-30 18:24:27,093 - INFO - NumPy version: 2.2.6
2025-07-30 18:24:27,093 - INFO - PIL version: 11.3.0
2025-07-30 18:24:27,093 - INFO - Application starting...
2025-07-30 18:24:27,093 - INFO - Command line arguments: ['D:\\Dropbox\\HE MANAGEMENT SYSTEM\\scripts\\face-uitlity.py', 'D:\\Dropbox\\HE MANAGEMENT SYSTEM\\Movement Orders\\OGDCL\\HUSSAINI LOGISTICS ENTERPRISES\\TOC - NRL\\LivePictures', 'Dated_30-July-2025,TLV-100,TOC-NRL,KHALID HUSSAIN.jpg']
2025-07-30 18:24:27,093 - INFO - Running with save_path: D:\Dropbox\HE MANAGEMENT SYSTEM\Movement Orders\OGDCL\HUSSAINI LOGISTICS ENTERPRISES\TOC - NRL\LivePictures, filename: Dated_30-July-2025,TLV-100,TOC-NRL,KHALID HUSSAIN.jpg
2025-07-30 18:24:27,093 - INFO - Running as script. Base path: D:\Dropbox\HE MANAGEMENT SYSTEM\scripts
2025-07-30 18:28:27,708 - INFO - Python version: 3.12.10 (tags/v3.12.10:0cc8128, Apr  8 2025, 12:21:36) [MSC v.1943 64 bit (AMD64)]
2025-07-30 18:28:27,708 - INFO - OpenCV version: 4.12.0
2025-07-30 18:28:27,708 - INFO - NumPy version: 2.2.6
2025-07-30 18:28:27,708 - INFO - PIL version: 11.3.0
2025-07-30 18:28:27,708 - INFO - Application starting...
2025-07-30 18:28:27,709 - INFO - Command line arguments: ['d:\\Dropbox\\HE MANAGEMENT SYSTEM\\scripts\\face-uitlity.py', 'd:\\Dropbox\\HE MANAGEMENT SYSTEM\\scripts\\photos', 'test_photo.jpg']
2025-07-30 18:28:27,709 - INFO - Running with save_path: d:\Dropbox\HE MANAGEMENT SYSTEM\scripts\photos, filename: test_photo.jpg
2025-07-30 18:28:27,709 - INFO - Running as script. Base path: d:\Dropbox\HE MANAGEMENT SYSTEM\scripts
2025-07-30 18:29:02,683 - INFO - Python version: 3.12.10 (tags/v3.12.10:0cc8128, Apr  8 2025, 12:21:36) [MSC v.1943 64 bit (AMD64)]
2025-07-30 18:29:02,683 - INFO - OpenCV version: 4.12.0
2025-07-30 18:29:02,683 - INFO - NumPy version: 2.2.6
2025-07-30 18:29:02,683 - INFO - PIL version: 11.3.0
2025-07-30 18:29:02,683 - INFO - Application starting...
2025-07-30 18:29:02,683 - INFO - Command line arguments: ['D:\\Dropbox\\HE MANAGEMENT SYSTEM\\scripts\\face-uitlity.py', 'D:\\Dropbox\\HE MANAGEMENT SYSTEM\\Movement Orders\\OGDCL\\HUSSAINI LOGISTICS ENTERPRISES\\TOC - NRL\\LivePictures', 'Dated_30-July-2025,TLV-100,TOC-NRL,KHALID HUSSAIN.jpg']
2025-07-30 18:29:02,683 - INFO - Running with save_path: D:\Dropbox\HE MANAGEMENT SYSTEM\Movement Orders\OGDCL\HUSSAINI LOGISTICS ENTERPRISES\TOC - NRL\LivePictures, filename: Dated_30-July-2025,TLV-100,TOC-NRL,KHALID HUSSAIN.jpg
2025-07-30 18:29:02,683 - INFO - Running as script. Base path: D:\Dropbox\HE MANAGEMENT SYSTEM\scripts
2025-07-30 18:29:03,223 - INFO - Python version: 3.12.10 (tags/v3.12.10:0cc8128, Apr  8 2025, 12:21:36) [MSC v.1943 64 bit (AMD64)]
2025-07-30 18:29:03,225 - INFO - OpenCV version: 4.12.0
2025-07-30 18:29:03,225 - INFO - NumPy version: 2.2.6
2025-07-30 18:29:03,225 - INFO - PIL version: 11.3.0
2025-07-30 18:29:03,225 - INFO - Application starting...
2025-07-30 18:29:03,225 - INFO - Command line arguments: ['D:\\Dropbox\\HE MANAGEMENT SYSTEM\\scripts\\face-uitlity.py', 'D:\\Dropbox\\HE MANAGEMENT SYSTEM\\Movement Orders\\OGDCL\\HUSSAINI LOGISTICS ENTERPRISES\\TOC - NRL\\LivePictures', 'Dated_30-July-2025,TLV-100,TOC-NRL,KHALID HUSSAIN.jpg']
2025-07-30 18:29:03,225 - INFO - Running with save_path: D:\Dropbox\HE MANAGEMENT SYSTEM\Movement Orders\OGDCL\HUSSAINI LOGISTICS ENTERPRISES\TOC - NRL\LivePictures, filename: Dated_30-July-2025,TLV-100,TOC-NRL,KHALID HUSSAIN.jpg
2025-07-30 18:29:03,225 - INFO - Running as script. Base path: D:\Dropbox\HE MANAGEMENT SYSTEM\scripts
